<!DOCTYPE html><html><head>
    <meta charset="utf-8">
    <title>Test</title>

    <link rel="icon" href="favicon/favicon.png" type="image/png">
    <link rel="icon" href="favicon/favicon.svg" sizes="any" type="image/svg+xml">
    <link rel="mask-icon" href="favicon/mask-icon.svg" color="#000">
    <link rel="apple-touch-icon" href="favicon/apple-touch-icon.png">

    <link rel="stylesheet" href="http://ajax.googleapis.com/ajax/libs/jqueryui/1.10.2/themes/ui-lightness/jquery-ui.css?assets-inline">
    <link rel="stylesheet" href="//ajax.googleapis.com/ajax/libs/jqueryui/1.10.2/themes/ui-lightness/jquery-ui.css?assets-inline">
    <style>@font-face {
  font-family: 'FontAwesome';
  src: url('fonts/fontawesome-webfont.eot?v=4.0.3');
}

h1 {
  color: red;
}

.backgroud-test-image {
  width: 1000px;
  height: 200px;
  background: url("img/imouto-logo-large.png");
}

.backgroud-test-svg {
  width: 1000px;
  height: 200px;
  background: url("svg/disable-wysiwyg.svg");
}
</style>
    <style>/* Only this file should be smooshed if `includeTag` is defined. */
body {
  background: gray;
}
</style>
  <style>
    body {
      background-image: url("./svg/disable-wysiwyg.svg");
    }
    body {
      background-image: url("./img/imouto-logo-large.png");
    }
    body {
      background-image: url("./svg/kai.svg");
    }
    body {
      background-image: url("./img/superfeedr.png");
    }
    body {
      background-image: url("./svg/slimpack-bg.svg");
    }
  </style><style data-assets-inline="">
    body {
      background-image: url("data:image/svg+xml;utf8,%3Csvg%20xmlns%3D'http%3A%2F%2Fwww.w3.org%2F2000%2Fsvg'%20viewBox%3D'0%200%202366%20285'%20enable-background%3D'new%200%200%202366%20285'%3E%20%20%3Ctitle%3EDisable%20WYSIWYG%3C%2Ftitle%3E%20%20%3Cg%20fill%3D'%23CB3920'%3E%20%20%20%20%3Cpath%20d%3D'M.5%20262.5h285V285H.5zM128%20105H.5v127.5H128V105zm-22.5%20105H23v-82.5h82.5V210zm52.5%200h127.5v22.5H158zM.5%200h285v22.5H.5zm0%2052.5h285V75H.5zM158%20105h127.5v22.5H158zm0%2052.5h127.5V180H158zM409%20247.1h38.3c59.6%200%20106.8-31.1%20106.8-95.5%200-62.9-48.1-93.5-106-93.5H409v189zm23.6-167.4h8.3c48.1%200%2089.7%2017.8%2089.7%2072.9%200%2054.9-41.6%2072.9-89.7%2072.9h-8.3V79.7zm141.3%20167.4h22.6V129.8h-22.6v117.3zm11.3-186.7c-8.5%200-15.5%207-15.5%2015.8%200%208.5%207%2015.3%2015.5%2015.3s15.5-6.8%2015.5-15.3c.1-8.8-7-15.8-15.5-15.8zm103.1%2086.4c-6.3-12.8-17.8-20.5-32.1-20.5-19%200-34.6%2015-34.6%2034.1%200%2016%209.5%2022.6%2022.6%2029.6l22.1%2011.8c5.3%203.5%208.3%206.5%208.3%2012.8%200%2010-8.3%2016.5-17.8%2016.5-10.8%200-16.5-6.3-21.3-15l-19.3%208.8c6.3%2016.5%2023.6%2026.3%2040.6%2026.3%2021.8%200%2040.3-16.5%2040.3-38.8%200-18.5-13.3-27.1-27.1-33.3-13.8-6.3-27.3-10.8-27.3-21.1%200-6.5%206-11.5%2012.3-11.5%206.5%200%2012.3%204.5%2015%2010.3l18.3-10m77.9%2084.2c-23.8%200-37.1-20.6-37.1-42.6%200-21.8%2013.8-42.1%2037.1-42.1%2024.3%200%2038.1%2019.3%2038.1%2042.1-.1%2023.1-13.6%2042.6-38.1%2042.6zm59.3-101.2H803v19.5h-.5c-9.3-14-23.3-23.1-40.6-23.1-34.1%200-55.4%2029.3-55.4%2061.4%200%2033.6%2020.3%2063.4%2056.1%2063.4%2016.8%200%2030.8-9%2039.8-22.3h.5V247h22.6V129.8zM908.2%20231c-23.8%200-37.1-20.6-37.1-42.6%200-21.8%2013.8-42.1%2037.1-42.1%2024.3%200%2038.1%2019.3%2038.1%2042.1%200%2023.1-13.5%2042.6-38.1%2042.6zm-58.4%2016.1h22.6v-18.3h.5c9%2013.3%2023.3%2022.3%2039.8%2022.3%2036.1%200%2056.1-29.8%2056.1-63.4%200-32.1-21.3-61.4-55.1-61.4-17.5%200-31.6%209-40.8%2023.1h-.5V29.5h-22.6v217.6zM988.2%2029.5h22.6V247h-22.6V29.5zM1142%20192.2v-3.5c0-34.8-17.5-62.4-54.9-62.4-37.8%200-57.1%2027.1-57.1%2063.2%200%2034.6%2021.8%2061.6%2057.6%2061.6%2022.8%200%2043.4-11.8%2054.4-32.1l-19-10.8c-8.5%2014-17.8%2022.8-35.1%2022.8-21.6%200-35.1-18.8-35.3-38.8h89.4zm907.2-130.9L1972%20254.6%201918.6%20116l-53.4%20138.6-78.4-196.5h25.6l52.9%20135.3%2053.4-139.3%2053.4%20139.3L2025%2058.1h49.5l46.4%2080.7%2046.4-80.7h27.1l-61.6%20106.8v82.2H2109v-82.2l-59.8-103.6zm-571.7%200l-77.2%20193.3L1347%20116l-53.4%20138.6-78.4-196.5h25.6l52.9%20135.3L1347%2054.1l53.4%20139.3%2052.9-135.3h49.5l46.4%2080.7%2046.4-80.7h27.1l-61.6%20106.8v82.2h-23.6v-82.2l-60-103.6zm-423.7%20113.8c2.8-16.8%2015.8-29.3%2033.3-29.3%2018%200%2029.6%2011.8%2032.3%2029.3h-65.6zm675.7-92.4c-10.3-18.3-27.6-28.6-48.6-28.6-28.6%200-55.6%2018.3-55.6%2048.9%200%2026.3%2019.5%2038.6%2041.1%2047.9l13%205.5c16.3%206.8%2032.6%2015.5%2032.6%2035.8%200%2019.8-14.5%2036.8-34.8%2036.8-20.3%200-36.8-15-36.6-35.8l-23.8%205c4%2030.3%2027.8%2052.9%2058.4%2052.9%2033.8%200%2060.4-24.6%2060.4-58.9%200-31.6-20-46.4-46.9-56.9l-13.5-5.3c-11.8-4.5-26.3-12.3-26.3-27.1%200-16.5%2016.5-26.8%2031.6-26.8%2014.3%200%2023.3%206%2030.3%2017.8l18.7-11.2zm25.5-24.6h23.6v189H1755v-189zm535.7%2093.7v21.6h48.9c-1%2030.8-32.6%2056.1-61.9%2056.1-40.8%200-73.4-37.6-73.4-77.2%200-42.4%2033.1-76.7%2075.4-76.7%2023.1%200%2045.9%2012.3%2059.4%2030.8l16.5-15.8C2337.1%2067.3%202308%2054%202278.7%2054c-54.4%200-98%2044.6-98%2099%200%2052.4%2042.6%2098%2095.5%2098s89.5-39.8%2089.5-91.7v-7.5h-75z'%2F%3E%20%20%3C%2Fg%3E%3C%2Fsvg%3E");
    }
    body {
      background-image: url("./img/imouto-logo-large.png");
    }
    body {
      background-image: url("data:image/svg+xml;utf8,%3Csvg%20xmlns%3D'http%3A%2F%2Fwww.w3.org%2F2000%2Fsvg'%20width%3D'2175'%20height%3D'465'%20viewBox%3D'0%200%202175%20465'%3E%3Ctitle%3EKai%20Series%3C%2Ftitle%3E%3Cg%20fill%3D'%23fff'%3E%3Ccircle%20cx%3D'251.112'%20cy%3D'351.569'%20r%3D'112.615'%2F%3E%3Ccircle%20cx%3D'113.355'%20cy%3D'113.432'%20r%3D'112.614'%2F%3E%3Ccircle%20cx%3D'389.645'%20cy%3D'113.208'%20r%3D'112.614'%2F%3E%3C%2Fg%3E%3Cg%20fill%3D'%23F86604'%3E%3Cpolygon%20points%3D'266.188%2C348.771%20254.685%2C348.771%20251.131%2C337.833%20247.577%2C348.771%20236.075%2C348.771%20245.38%2C355.532%20241.826%2C366.472%20251.131%2C359.711%20260.437%2C366.472%20256.882%2C355.532'%2F%3E%3Cpolygon%20points%3D'172.7%2C85.781%20161.198%2C85.781%20157.644%2C74.843%20154.089%2C85.781%20142.587%2C85.781%20151.893%2C92.542%20148.338%2C103.481%20157.644%2C96.721%20166.949%2C103.481%20163.395%2C92.542'%2F%3E%3Cpolygon%20points%3D'128.431%2C158.786%20116.929%2C158.786%20113.375%2C147.848%20109.82%2C158.786%2098.318%2C158.786%20107.624%2C165.547%20104.069%2C176.486%20113.375%2C169.726%20122.68%2C176.486%20119.125%2C165.547'%2F%3E%3Cpolygon%20points%3D'86.492%2C85.781%2074.989%2C85.781%2071.435%2C74.843%2067.881%2C85.781%2056.379%2C85.781%2065.685%2C92.542%2062.13%2C103.481%2071.435%2C96.721%2080.741%2C103.481%2077.186%2C92.542'%2F%3E%3Cpolygon%20points%3D'404.721%2C110.411%20393.219%2C110.411%20389.664%2C99.472%20386.11%2C110.411%20374.607%2C110.411%20383.913%2C117.172%20380.359%2C128.11%20389.664%2C121.35%20398.97%2C128.11%20395.415%2C117.172'%2F%3E%3Cpolygon%20points%3D'404.721%2C54.492%20393.219%2C54.492%20389.664%2C43.553%20386.11%2C54.492%20374.607%2C54.492%20383.913%2C61.253%20380.359%2C72.191%20389.664%2C65.432%20398.97%2C72.191%20395.415%2C61.253'%2F%3E%3Cpolygon%20points%3D'404.721%2C166.33%20393.219%2C166.33%20389.664%2C155.391%20386.11%2C166.33%20374.607%2C166.33%20383.913%2C173.091%20380.359%2C184.029%20389.664%2C177.269%20398.97%2C184.029%20395.415%2C173.091'%2F%3E%3Cpolygon%20points%3D'455.203%2C139.924%20443.7%2C139.924%20440.146%2C128.984%20436.593%2C139.924%20425.09%2C139.924%20434.396%2C146.685%20430.841%2C157.623%20440.146%2C150.862%20449.452%2C157.623%20445.897%2C146.685'%2F%3E%3Cpolygon%20points%3D'355.015%2C139.924%20343.513%2C139.924%20339.959%2C128.984%20336.404%2C139.924%20324.902%2C139.924%20334.208%2C146.685%20330.653%2C157.623%20339.959%2C150.862%20349.264%2C157.623%20345.709%2C146.685'%2F%3E%3Cpolygon%20points%3D'354.238%2C83.229%20342.736%2C83.229%20339.182%2C72.289%20335.628%2C83.229%20324.126%2C83.229%20333.431%2C89.988%20329.877%2C100.928%20339.182%2C94.167%20348.487%2C100.928%20344.933%2C89.988'%2F%3E%3Cpolygon%20points%3D'455.203%2C83.229%20443.7%2C83.229%20440.146%2C72.289%20436.593%2C83.229%20425.09%2C83.229%20434.396%2C89.988%20430.841%2C100.928%20440.146%2C94.167%20449.452%2C100.928%20445.897%2C89.988'%2F%3E%3C%2Fg%3E%3Cpath%20d%3D'M627.4%20219.109l94.033-96.471h48.659l-109.209%20109.47%20109.835%20132.334h-48.815l-86.992-107.59-7.51%207.517v100.073h-36.455v-241.804h36.454v96.471zm317.77%2086.605h-103.42l-26.911%2058.729h-39.271l119.535-256.995%20115.311%20256.995h-39.897l-25.347-58.729zm-14.864-34.297l-35.829-82.22-37.55%2082.22h73.379zm146.759-148.779v241.804h-36.455v-241.804h36.455zm293.518%2035.863l-29.57%2017.541c-5.53-9.604-10.796-15.869-15.803-18.793-5.217-3.34-11.945-5.012-20.184-5.012-10.118%200-18.516%202.875-25.189%208.621-6.677%205.643-10.014%2012.746-10.014%2021.313%200%2011.807%208.762%2021.313%2026.285%2028.522l24.095%209.874c19.608%207.943%2033.952%2017.633%2043.026%2029.073%209.074%2011.442%2013.612%2025.469%2013.612%2042.079%200%2022.256-7.407%2040.645-22.218%2055.168-14.917%2014.628-33.431%2021.939-55.543%2021.939-20.966%200-38.281-6.239-51.944-18.722-13.456-12.47-21.854-29.983-25.19-52.535l36.925-8.144c1.667%2014.2%204.589%2024.015%208.762%2029.442%207.51%2010.441%2018.462%2015.661%2032.856%2015.661%2011.368%200%2020.81-3.808%2028.319-11.423s11.265-17.267%2011.265-28.953c0-4.693-.652-8.998-1.955-12.91-1.306-3.913-3.34-7.513-6.103-10.799-2.765-3.286-6.336-6.365-10.717-9.232-4.382-2.868-9.599-5.608-15.646-8.218l-23.312-9.702c-33.066-13.979-49.598-34.429-49.598-61.347%200-18.152%206.936-33.333%2020.81-45.539%2013.871-12.311%2031.135-18.468%2051.788-18.468%2027.849.003%2049.598%2013.525%2065.243%2040.564zm177.119-1.565h-96.849v58.102h94.032v34.297h-94.032v80.811h96.849v34.297h-133.304v-241.805h133.304v34.298zm123.296%20104.458l74.788%20103.049h-44.592l-68.998-98.977h-6.571v98.977h-36.455v-241.805h42.713c31.918%200%2054.969%206.005%2069.155%2018.01%2015.646%2013.365%2023.469%2031.008%2023.469%2052.934%200%2017.124-4.903%2031.846-14.707%2044.164-9.806%2012.32-22.74%2020.202-38.802%2023.648zm-45.373-27.72h11.578c34.523%200%2051.788-13.207%2051.788-39.622%200-24.744-16.795-37.116-50.38-37.116h-12.986v76.738zm186.507-111.036v241.804h-36.455v-241.804h36.455zm184.941%2034.298h-96.849v58.102h94.032v34.297h-94.032v80.811h96.849v34.297h-133.303v-241.805h133.304l-.001%2034.298zm171.649%201.565l-29.57%2017.541c-5.53-9.604-10.796-15.869-15.803-18.793-5.217-3.34-11.945-5.012-20.184-5.012-10.118%200-18.516%202.875-25.189%208.621-6.677%205.643-10.014%2012.746-10.014%2021.313%200%2011.807%208.762%2021.313%2026.285%2028.522l24.095%209.874c19.608%207.943%2033.952%2017.633%2043.026%2029.073%209.074%2011.442%2013.612%2025.469%2013.612%2042.079%200%2022.256-7.407%2040.645-22.218%2055.168-14.917%2014.628-33.431%2021.939-55.543%2021.939-20.966%200-38.281-6.239-51.944-18.722-13.456-12.47-21.854-29.983-25.19-52.535l36.925-8.144c1.667%2014.2%204.589%2024.015%208.762%2029.442%207.51%2010.441%2018.462%2015.661%2032.856%2015.661%2011.368%200%2020.81-3.808%2028.319-11.423s11.265-17.267%2011.265-28.953c0-4.693-.652-8.998-1.955-12.91-1.306-3.913-3.34-7.513-6.103-10.799-2.765-3.286-6.336-6.365-10.717-9.232-4.382-2.868-9.599-5.608-15.646-8.218l-23.312-9.702c-33.066-13.979-49.598-34.429-49.598-61.347%200-18.152%206.936-33.333%2020.81-45.539%2013.871-12.311%2031.135-18.468%2051.788-18.468%2027.849.003%2049.597%2013.525%2065.243%2040.564z'%20fill%3D'%23B93B00'%2F%3E%3C%2Fsvg%3E");
    }
    body {
      background-image: url("./img/superfeedr.png");
    }
    body {
      background-image: url("data:image/svg+xml;utf8,%3C%3Fxml%20version%3D'1.0'%20encoding%3D'UTF-8'%20standalone%3D'no'%3F%3E%3Csvg%20width%3D'1544px'%20height%3D'479px'%20viewBox%3D'0%200%201544%20479'%20version%3D'1.1'%20xmlns%3D'http%3A%2F%2Fwww.w3.org%2F2000%2Fsvg'%20xmlns%3Axlink%3D'http%3A%2F%2Fwww.w3.org%2F1999%2Fxlink'%20xmlns%3Asketch%3D'http%3A%2F%2Fwww.bohemiancoding.com%2Fsketch%2Fns'%3E%20%20%20%20%3C!--%20Generator%3A%20Sketch%203.3.3%20(12072)%20-%20http%3A%2F%2Fwww.bohemiancoding.com%2Fsketch%20--%3E%20%20%20%20%3Ctitle%3Ebanner-bg%3C%2Ftitle%3E%20%20%20%20%3Cdesc%3ECreated%20with%20Sketch.%3C%2Fdesc%3E%20%20%20%20%3Cdefs%3E%3C%2Fdefs%3E%20%20%20%20%3Cg%20id%3D'Page-1'%20stroke%3D'none'%20stroke-width%3D'1'%20fill%3D'none'%20fill-rule%3D'evenodd'%20sketch%3Atype%3D'MSPage'%3E%20%20%20%20%20%20%20%20%3Cg%20id%3D'banner-bg'%20sketch%3Atype%3D'MSLayerGroup'%20transform%3D'translate(0.000000%2C%20-21.000000)'%3E%20%20%20%20%20%20%20%20%20%20%20%20%3Cg%20id%3D'back'%20transform%3D'translate(-165.000000%2C%2081.000000)'%20fill%3D'%23F2761A'%20sketch%3Atype%3D'MSShapeGroup'%3E%20%20%20%20%20%20%20%20%20%20%20%20%20%20%20%20%3Ccircle%20id%3D'Oval-5'%20cx%3D'164'%20cy%3D'214'%20r%3D'164'%3E%3C%2Fcircle%3E%20%20%20%20%20%20%20%20%20%20%20%20%20%20%20%20%3Ccircle%20id%3D'Oval-5-Copy'%20cx%3D'328.5'%20cy%3D'312.5'%20r%3D'226.5'%3E%3C%2Fcircle%3E%20%20%20%20%20%20%20%20%20%20%20%20%20%20%20%20%3Ccircle%20id%3D'Oval-5-Copy-2'%20cx%3D'624.5'%20cy%3D'268.5'%20r%3D'162.5'%3E%3C%2Fcircle%3E%20%20%20%20%20%20%20%20%20%20%20%20%20%20%20%20%3Ccircle%20id%3D'Oval-5-Copy-3'%20cx%3D'1493'%20cy%3D'344'%20r%3D'167'%3E%3C%2Fcircle%3E%20%20%20%20%20%20%20%20%20%20%20%20%20%20%20%20%3Ccircle%20id%3D'Oval-5-Copy-4'%20cx%3D'1222'%20cy%3D'268'%20r%3D'212'%3E%3C%2Fcircle%3E%20%20%20%20%20%20%20%20%20%20%20%20%20%20%20%20%3Ccircle%20id%3D'Oval-5-Copy-5'%20cx%3D'899.5'%20cy%3D'353.5'%20r%3D'248.5'%3E%3C%2Fcircle%3E%20%20%20%20%20%20%20%20%20%20%20%20%20%20%20%20%3Ccircle%20id%3D'Oval-5-Copy-6'%20cx%3D'1837'%20cy%3D'344'%20r%3D'344'%3E%3C%2Fcircle%3E%20%20%20%20%20%20%20%20%20%20%20%20%3C%2Fg%3E%20%20%20%20%20%20%20%20%20%20%20%20%3Cg%20id%3D'front'%20transform%3D'translate(-165.000000%2C%20179.000000)'%20fill%3D'%23F9F9F9'%20sketch%3Atype%3D'MSShapeGroup'%3E%20%20%20%20%20%20%20%20%20%20%20%20%20%20%20%20%3Ccircle%20id%3D'Oval-5'%20cx%3D'164'%20cy%3D'227'%20r%3D'164'%3E%3C%2Fcircle%3E%20%20%20%20%20%20%20%20%20%20%20%20%20%20%20%20%3Ccircle%20id%3D'Oval-5-Copy'%20cx%3D'364.5'%20cy%3D'226.5'%20r%3D'226.5'%3E%3C%2Fcircle%3E%20%20%20%20%20%20%20%20%20%20%20%20%20%20%20%20%3Ccircle%20id%3D'Oval-5-Copy-2'%20cx%3D'590.5'%20cy%3D'264.5'%20r%3D'142.5'%3E%3C%2Fcircle%3E%20%20%20%20%20%20%20%20%20%20%20%20%20%20%20%20%3Ccircle%20id%3D'Oval-5-Copy-3'%20cx%3D'1379.5'%20cy%3D'260.5'%20r%3D'113.5'%3E%3C%2Fcircle%3E%20%20%20%20%20%20%20%20%20%20%20%20%20%20%20%20%3Ccircle%20id%3D'Oval-5-Copy-4'%20cx%3D'1169'%20cy%3D'265'%20r%3D'168'%3E%3C%2Fcircle%3E%20%20%20%20%20%20%20%20%20%20%20%20%20%20%20%20%3Ccircle%20id%3D'Oval-5-Copy-5'%20cx%3D'820'%20cy%3D'363'%20r%3D'291'%3E%3C%2Fcircle%3E%20%20%20%20%20%20%20%20%20%20%20%20%20%20%20%20%3Ccircle%20id%3D'Oval-5-Copy-6'%20cx%3D'1724'%20cy%3D'407'%20r%3D'344'%3E%3C%2Fcircle%3E%20%20%20%20%20%20%20%20%20%20%20%20%3C%2Fg%3E%20%20%20%20%20%20%20%20%20%20%20%20%3Cg%20id%3D'hero'%20transform%3D'translate(981.000000%2C%2082.000000)'%20sketch%3Atype%3D'MSShapeGroup'%3E%20%20%20%20%20%20%20%20%20%20%20%20%20%20%20%20%3Cpath%20d%3D'M0%2C263.678781%20L0%2C302%20L14.3688119%2C302%20L215%2C101.079719%20L188.923267%2C75%20L0%2C263.678781%20Z'%20id%3D'Shape-Copy-3'%20fill%3D'%23FFFFFF'%3E%3C%2Fpath%3E%20%20%20%20%20%20%20%20%20%20%20%20%20%20%20%20%3Cpath%20d%3D'M207.90566%2C45.7802341%20L177%2C76.8179454%20L185.981132%2C85.8374512%20L193.113208%2C93%20L233%2C52.9427828%20L225.867925%2C45.7802341%20C220.849057%2C40.739922%20212.924528%2C40.739922%20207.90566%2C45.7802341%20L207.90566%2C45.7802341%20Z'%20id%3D'Shape-Copy'%20fill%3D'%23C86715'%3E%3C%2Fpath%3E%20%20%20%20%20%20%20%20%20%20%20%20%20%20%20%20%3Cpath%20d%3D'M291.702364%2C0.266066838%20C288.248957%2C0.266066838%20285.59249%2C2.92673522%20285.59249%2C6.38560411%20L285.59249%2C10.3766067%20L270.981919%2C17.8264781%20C263.278164%2C21.5514139%20256.902643%2C27.4048843%20252.121001%2C34.3226221%20L245.74548%2C27.937018%20L240.698192%2C32.9922879%20C238.838665%2C34.8547558%20235.916551%2C34.8547558%20234.057024%2C32.9922879%20L231.93185%2C30.8637532%20C230.869263%2C29.7994859%20230.869263%2C28.4691517%20231.93185%2C27.4048843%20L238.573018%2C20.7532134%20C234.853964%2C17.8264781%20229.541029%2C18.092545%20226.087622%2C21.5514139%20L214.133519%2C33.5244216%20L226.353268%2C45.7634961%20C217.852573%2C47.625964%20210.414465%2C53.4794344%20206.69541%2C61.4614396%20L193.944367%2C87.5359897%20C183.849791%2C91.2609254%20175.614743%2C99.7750643%20172.161335%2C110.417738%20L162.066759%2C141.015424%20L159.941586%2C142.079692%20C149.05007%2C147.667095%20140.018081%2C156.447301%20134.439499%2C167.622108%20L126.735744%2C183.320051%20L120.891516%2C181.989717%20C118.500695%2C181.457584%20115.844228%2C182.787918%20115.312935%2C185.448586%20L110%2C207%20L120.094576%2C196.88946%20L130.986092%2C185.98072%20L132.048679%2C184.916452%20L155.159944%2C161.768638%20L188.631433%2C127.712082%20L189.959666%2C126.381748%20C191.819193%2C127.712082%20193.67872%2C128.77635%20195.803894%2C129.57455%20L223.696801%2C142.079692%20C216.258693%2C143.410026%20209.086231%2C146.070694%20202.710709%2C150.061697%20L188.100139%2C159.374036%20L184.115438%2C155.383033%20C182.521558%2C153.786632%20179.86509%2C153.786632%20178.27121%2C155.383033%20L163.129346%2C170.548843%20L175.614743%2C167.622108%20L221.571627%2C156.447301%20L232.463143%2C153.786632%20C234.588317%2C153.254499%20236.447844%2C152.190231%20238.041725%2C150.59383%20C242.292072%2C146.336761%20242.823366%2C138.620823%20238.041725%2C133.83162%20L210.148818%2C106.426735%20L218.649513%2C100.041131%20L251.855355%2C100.041131%20C253.449235%2C100.041131%20255.043115%2C99.2429306%20255.840056%2C97.9125964%20C256.371349%2C97.1143959%20256.636996%2C96.0501285%20256.636996%2C94.9858612%20L256.636996%2C90.1966581%20C256.636996%2C88.6002571%20255.308762%2C87.5359897%20253.980529%2C87.5359897%20L249.198887%2C87.5359897%20C246.54242%2C87.5359897%20244.151599%2C89.6645244%20244.151599%2C92.5912596%20L244.151599%2C94.1876607%20L234.853964%2C90.9948586%20L231.666203%2C90.1966581%20L235.385257%2C87.5359897%20C241.495132%2C83.0128535%20244.94854%2C75.8290488%20244.94854%2C68.3791774%20L244.94854%2C56.1401028%20L268.059805%2C32.9922879%20L285.326843%2C15.6979434%20L296.218359%2C4.78920308%20L301%2C-1.42108547e-14%20L291.702364%2C0.266066838%20L291.702364%2C0.266066838%20Z%20M233.52573%2C54.8097686%20L233.52573%2C54.5437018%20L233.52573%2C54.8097686%20L233.52573%2C54.8097686%20Z'%20id%3D'Shape-Copy-2'%20fill%3D'%23471305'%3E%3C%2Fpath%3E%20%20%20%20%20%20%20%20%20%20%20%20%3C%2Fg%3E%20%20%20%20%20%20%20%20%20%20%20%20%3Cg%20id%3D'frontmost'%20transform%3D'translate(-165.000000%2C%20263.000000)'%20fill%3D'%23FFFFFF'%20sketch%3Atype%3D'MSShapeGroup'%3E%20%20%20%20%20%20%20%20%20%20%20%20%20%20%20%20%3Ccircle%20id%3D'Oval-5'%20cx%3D'236.5'%20cy%3D'236.5'%20r%3D'236.5'%3E%3C%2Fcircle%3E%20%20%20%20%20%20%20%20%20%20%20%20%20%20%20%20%3Ccircle%20id%3D'Oval-5-Copy'%20cx%3D'513.5'%20cy%3D'200.5'%20r%3D'127.5'%3E%3C%2Fcircle%3E%20%20%20%20%20%20%20%20%20%20%20%20%20%20%20%20%3Ccircle%20id%3D'Oval-5-Copy-3'%20cx%3D'1302.5'%20cy%3D'234.5'%20r%3D'113.5'%3E%3C%2Fcircle%3E%20%20%20%20%20%20%20%20%20%20%20%20%20%20%20%20%3Ccircle%20id%3D'Oval-5-Copy-4'%20cx%3D'1056.5'%20cy%3D'234.5'%20r%3D'185.5'%3E%3C%2Fcircle%3E%20%20%20%20%20%20%20%20%20%20%20%20%20%20%20%20%3Ccircle%20id%3D'Oval-5-Copy-5'%20cx%3D'766'%20cy%3D'412'%20r%3D'291'%3E%3C%2Fcircle%3E%20%20%20%20%20%20%20%20%20%20%20%20%20%20%20%20%3Ccircle%20id%3D'Oval-5-Copy-6'%20cx%3D'1519.5'%20cy%3D'348.5'%20r%3D'216.5'%3E%3C%2Fcircle%3E%20%20%20%20%20%20%20%20%20%20%20%20%3C%2Fg%3E%20%20%20%20%20%20%20%20%20%20%20%20%3Cg%20id%3D'decos'%20transform%3D'translate(567.000000%2C%2021.000000)'%20sketch%3Atype%3D'MSShapeGroup'%3E%20%20%20%20%20%20%20%20%20%20%20%20%20%20%20%20%3Ccircle%20id%3D'Oval-Copy'%20fill%3D'%23C86715'%20cx%3D'687.5'%20cy%3D'14.5'%20r%3D'5.5'%3E%3C%2Fcircle%3E%20%20%20%20%20%20%20%20%20%20%20%20%20%20%20%20%3Ccircle%20id%3D'Oval-Copy-2'%20fill%3D'%23FFFFFF'%20cx%3D'347.5'%20cy%3D'236.5'%20r%3D'9.5'%3E%3C%2Fcircle%3E%20%20%20%20%20%20%20%20%20%20%20%20%20%20%20%20%3Ccircle%20id%3D'Oval-Copy-5'%20fill%3D'%23FFFFFF'%20cx%3D'18.5'%20cy%3D'114.5'%20r%3D'18.5'%3E%3C%2Fcircle%3E%20%20%20%20%20%20%20%20%20%20%20%20%20%20%20%20%3Ccircle%20id%3D'Oval-Copy-4'%20fill%3D'%23FFDF00'%20cx%3D'702.5'%20cy%3D'180.5'%20r%3D'9.5'%3E%3C%2Fcircle%3E%20%20%20%20%20%20%20%20%20%20%20%20%20%20%20%20%3Cpath%20d%3D'M539.442029%2C26.442029%20L554%2C20.5%20L539.442029%2C14.557971%20L533.5%2C3.55271368e-15%20L527.855072%2C14.557971%20L513%2C20.5%20L527.855072%2C26.442029%20L533.5%2C41%20L539.442029%2C26.442029%20Z'%20id%3D'Shape-Copy-4'%20fill%3D'%23FFDF00'%3E%3C%2Fpath%3E%20%20%20%20%20%20%20%20%20%20%20%20%20%20%20%20%3Cpath%20d%3D'M97.6376812%2C215.637681%20L109%2C211%20L97.6376812%2C206.362319%20L93%2C195%20L88.5942029%2C206.362319%20L77%2C211%20L88.5942029%2C215.637681%20L93%2C227%20L97.6376812%2C215.637681%20Z'%20id%3D'Shape-Copy-6'%20fill%3D'%23C86715'%3E%3C%2Fpath%3E%20%20%20%20%20%20%20%20%20%20%20%20%20%20%20%20%3Cpath%20d%3D'M872.820084%2C186.314528%20L879%2C171.87024%20L864.580195%2C178.060649%20L850.160391%2C171.87024%20L856.340307%2C186.314528%20L850.160391%2C200.464034%20L864.580195%2C194.273625%20L879%2C200.464034%20L872.820084%2C186.314528%20Z%20M490.185495%2C125.317348%20L494.894003%2C115%20L484.299861%2C119.421721%20L474%2C115%20L478.414226%2C125.317348%20L474%2C135.929478%20L484.299861%2C131.212976%20L494.894003%2C135.929478%20L490.185495%2C125.317348%20Z%20M781.228731%2C239.220028%20L788.291492%2C236.272214%20L781.228731%2C233.619182%20L778.580195%2C226.544429%20L775.93166%2C233.619182%20L768.868898%2C236.272214%20L775.93166%2C239.220028%20L778.580195%2C246%20L781.228731%2C239.220028%20Z'%20id%3D'Shape-Copy-5'%20fill%3D'%23FFFFFF'%3E%3C%2Fpath%3E%20%20%20%20%20%20%20%20%20%20%20%20%20%20%20%20%3Ccircle%20id%3D'Oval-Copy-3'%20fill%3D'%23C86715'%20cx%3D'715'%20cy%3D'300'%20r%3D'19'%3E%3C%2Fcircle%3E%20%20%20%20%20%20%20%20%20%20%20%20%3C%2Fg%3E%20%20%20%20%20%20%20%20%3C%2Fg%3E%20%20%20%20%3C%2Fg%3E%3C%2Fsvg%3E");
    }
  </style></head>

  

  

  <body>
    <h1>grunt-assets-inline</h1>

    <p onclick="alert(&quot;test&quot;)">Hello world! This is a test.</p>

    <p>'../php_includes/googleTracking.php'</p>

    <!--?php
    //google tracking code
    include '../php_includes/googleTracking.php';
    ?-->

    <h2>This is a background image</h2>
    <div class="backgroud-test-image"></div>

    <h2>This is a SVG background</h2>
    <div class="backgroud-test-svg"></div>

    <h2>This is an image not inlined when inlineImgFileLimit is set</h2>
    <img src="img/imouto-logo-large.png">

    <h2>This is an image</h2>
    <img src="img/superfeedr.png">

    <h2>This is a SVG image</h2>
    <img src="svg/disable-wysiwyg.svg">

    <svg width="60px" height="52px" viewBox="0 0 60 52" version="1.1" xmlns="http://www.w3.org/2000/svg" xmlns:xlink="http://www.w3.org/1999/xlink">
      <!-- Generator: Sketch 50.2 (55047) - http://www.bohemiancoding.com/sketch -->
        <title>icon-product-bayesgear</title>
        <desc>Created with Sketch.</desc>
        <defs></defs>
        <g id="Page-1" stroke="none" stroke-width="1" fill="none" fill-rule="evenodd" fill-opacity="0.5">
            <g id="Homepage-#8" transform="translate(-685.000000, -719.000000)" fill="#000000">
                <g id="product-1-copy" transform="translate(653.000000, 695.000000)">
                    <g id="icon-product-bayesgear" transform="translate(32.000000, 24.000000)">
                        <polygon id="slice-1" points="0 37.7956508 35.6454255 25.8461403 59.6392526 39.2743701 23.9938271 51.2238806"></polygon>
                        <polygon id="slice-2" points="0 29.2583374 35.6454255 17.3088268 59.6392526 30.7370566 23.9938271 42.6865672"></polygon>
                        <polygon id="slice-3" points="0 20.7210239 35.6454255 8.77151339 59.6392526 22.1997432 23.9938271 34.1492537"></polygon>
                        <polygon id="slice-4" points="0 12.1837105 35.6454255 0.234199955 59.6392526 13.6624298 23.9938271 25.6119403"></polygon>
                    </g>
                </g>
            </g>
        </g>
    </svg>

    <script src="http://ajax.googleapis.com/ajax/libs/jquery/1.9.1/jquery.min.js?assets-inline"></script>
    <script src="//ajax.googleapis.com/ajax/libs/jquery/1.9.1/jquery.min.js?assets-inline"></script>
    <script>console.log('This should not be replaced.');</script>
    <script>var appFunc = function(i) {
  return i;
  console.log("This is an uncompressed JS code")
};

console.log('lol i am test script, really');
</script>
    <script>var inlineFunc = function(i) {
  return i;
  console.log("This is an uncompressed JS code")
};

console.log("Only this file should be smooshed if `includeTag` is defined.");
</script>
  

</body></html>